// <auto-generated/>
#nullable enable

#pragma warning disable PRTEXP001, PRTEXP002

using CSnakes.Runtime;
using CSnakes.Runtime.Python;

using System;
using System.Collections.Generic;
using System.Diagnostics;
using System.Reflection.Metadata;
using System.Text;
using System.Threading;
using System.Threading.Tasks;

using Microsoft.Extensions.Logging;

[assembly: MetadataUpdateHandler(typeof(Python.Generated.Tests.TestClassExtensions))]

namespace Python.Generated.Tests;

public static class TestClassExtensions
{
    private static ITestClass? instance;

    private static ReadOnlySpan<byte> HotReloadHash => "455a528e61f3e3afaab7a0293b772629"u8;

    public static ITestClass TestClass(this IPythonEnvironment env)
    {
        if (instance is null)
        {
            instance = new TestClassInternal(env.Logger);
        }
        Debug.Assert(!env.IsDisposed());
        return instance;
    }

    public static void UpdateApplication(Type[]? updatedTypes)
    {
        instance?.ReloadModule();
    }

    private class TestClassInternal : ITestClass
    {
        private PyObject module;
        private readonly ILogger<IPythonEnvironment>? logger;

        private PyObject __func_foo_bar_baz;
        private PyObject __func_foo_bar_baz_list;

        internal TestClassInternal(ILogger<IPythonEnvironment>? logger)
        {
            this.logger = logger;
            using (GIL.Acquire())
            {
                logger?.LogDebug("Importing module {ModuleName}", "test");
                this.module = ThisModule.Import();
                this.__func_foo_bar_baz = module.GetAttr("foo_bar_baz");
                this.__func_foo_bar_baz_list = module.GetAttr("foo_bar_baz_list");
            }
        }

        void IReloadableModuleImport.ReloadModule()
        {
            logger?.LogDebug("Reloading module {ModuleName}", "test");
            using (GIL.Acquire())
            {
                Import.ReloadModule(ref module);
                // Dispose old functions
                this.__func_foo_bar_baz.Dispose();
                this.__func_foo_bar_baz_list.Dispose();
                // Bind to new functions
                this.__func_foo_bar_baz = module.GetAttr("foo_bar_baz");
                this.__func_foo_bar_baz_list = module.GetAttr("foo_bar_baz_list");
            }
        }

        public void Dispose()
        {
            logger?.LogDebug("Disposing module {ModuleName}", "test");
            this.__func_foo_bar_baz.Dispose();
            this.__func_foo_bar_baz_list.Dispose();
            module.Dispose();
        }

        public Integration.Tests.QueryTests.FooBarBaz FooBarBaz()
        {
            using (GIL.Acquire())
            {
                this.logger?.LogDebug("Invoking Python function: {FunctionName}", "foo_bar_baz");
                PyObject __underlyingPythonFunc = this.__func_foo_bar_baz;
                using PyObject __result_pyObject = __underlyingPythonFunc.Call();
                var __return = __result_pyObject.BareImportAs<Integration.Tests.QueryTests.FooBarBaz, global::CSnakes.Runtime.Python.PyObjectImporters.Extern<Integration.Tests.QueryTests.FooBarBaz>>();
                return __return;
            }
        }

        public IReadOnlyList<Integration.Tests.QueryTests.FooBarBaz> FooBarBazList()
        {
            using (GIL.Acquire())
            {
                this.logger?.LogDebug("Invoking Python function: {FunctionName}", "foo_bar_baz_list");
                PyObject __underlyingPythonFunc = this.__func_foo_bar_baz_list;
                using PyObject __result_pyObject = __underlyingPythonFunc.Call();
                var __return = __result_pyObject.BareImportAs<IReadOnlyList<Integration.Tests.QueryTests.FooBarBaz>, global::CSnakes.Runtime.Python.PyObjectImporters.List<Integration.Tests.QueryTests.FooBarBaz, global::CSnakes.Runtime.Python.PyObjectImporters.Extern<Integration.Tests.QueryTests.FooBarBaz>>>();
                return __return;
            }
        }
    }
}

/// <summary>
/// Represents functions of the Python module <c>test</c>.
/// </summary>
public interface ITestClass : IReloadableModuleImport
{
    /// <summary>
    /// Invokes the Python function <c>foo_bar_baz</c>:
    /// <code><![CDATA[
    /// def foo_bar_baz() -> "__extern__.Integration.Tests.QueryTests.FooBarBaz": ...
    /// ]]></code>
    /// </summary>
    Integration.Tests.QueryTests.FooBarBaz FooBarBaz();

    /// <summary>
    /// Invokes the Python function <c>foo_bar_baz_list</c>:
    /// <code><![CDATA[
    /// def foo_bar_baz_list() -> list["__extern__.Integration.Tests.QueryTests.FooBarBaz"]: ...
    /// ]]></code>
    /// </summary>
    IReadOnlyList<Integration.Tests.QueryTests.FooBarBaz> FooBarBazList();
}

file static class ThisModule
{
    public static PyObject Import() =>
        CSnakes.Runtime.Python.Import.ImportModule("test");
}
